# List of sites as attack targets.
# Adding new entry to this file will automatically create new thread
# Removing entry from this fill will automatically kill the thread

https://anti-maidan.com
https://api.sberbank.ru/prod/tokens/v2/oauth
https://api.sberbank.ru/prod/tokens/v2/oidc
https://cloud.rkn.gov.ru
https://customs.gov.ru
https://en.kremlin.ru
https://er.ru
https://government.ru
https://kremlin.ru
https://lenta.ru
https://lukoil.ru
https://magnit.ru
https://mail.rkn.gov.ru
https://mil.ru
https://mvd.gov.ru
https://nangs.org
https://nlmk.com
https://omk.ru
https://online.sberbank.ru
https://pfr.gov.ru
https://proverki.gov.ru
https://pwd.wto.economy.gov.ru
https://riafan.ru
https://ria.ru
https://ria.ru/lenta
https://rkn.gov.ru
https://rmk-group.ru/ru
https://rzdlog.ru
https://sberbank.ru
https://smotrim.ru
https://sputnik.by
https://stroi.gov.ru
https://tass.ru
https://tvzvezda.ru
https://vgtrk.ru
https://vsoloviev.ru
https://www.1tv.ru
https://www.crimea.kp.ru
https://www.eurosib.ru
https://www.evraz.com/ru
https://www.gazeta.ru
https://www.gazprombank.ru
https://www.gazprom.ru
https://www.gosuslugi.ru
https://www.interfax.ru
https://www.kommersant.ru
https://www.metalloinvest.com
https://www.mk.ru
https://www.mos.ru/uslugi
https://www.nalog.gov.ru
https://www.nornickel.com
https://www.polymetalinternational.com/ru
https://www.rbc.ru
https://www.rt.com
https://www.rzd.ru
https://www.severstal.com
https://www.sibur.ru
https://www.surgutneftegas.ru
https://www.tatneft.ru
https://www.tmk-group.ru
https://www.uralkali.com/ru
https://www.vedomosti.ru
https://www.vesti.ru
https://www.vtb.ru
